[marcotavora.squarespace.com/portfolio-marco-tavora.html]
[backblue.gif]
[fade.gif]
[index.html]
[assets.squarespace.com/@sqs/polyfiller/1.6/legacy.js]
[use.typekit.net/ik/U-kSeViC1Cp3aDOcPBmeKwsq75mGQquI4Jt8JiOKuZGfezbIfFHN4UJLFRbh52jhWD9ojhmKFhBRF28cjD4KjQZ8FDSa5QMt5gn_MKG0jAFu-WsoShFGZAsude80ZkoRdhXCHKoyjamTiY8Djhy8ZYmC-Ao1Oco8if37OcBDOcu8OfG0dABkjhNXjW]
[assets.squarespace.com/universal/scripts-compressed/extract-css-runtime-2b8445ac3456a9c5d3bda-min.en-US.js]
[assets.squarespace.com/universal/scripts-compressed/cldr-resource-pack-56fdc0b6309d3f37f75e8-min.en-US.js]
[assets.squarespace.com/@sqs/polyfiller/1.6/modern.js]
[assets.squarespace.com/universal/scripts-compressed/common-vendors-stable-0fda8ea0a0cf92af6b92e-min.en-US.js]
[assets.squarespace.com/universal/scripts-compressed/extract-css-moment-js-vendor-5082e2dab696b020ac83a-min.en-US.js]
[static1.squarespace.com/static/sitecss/59ceb7ac49fc2ba6e7779088/71/52a74dafe4b073a80cd253c5/59ceb7ac49fc2ba6e777909c/1043/site.css]
[ajax.googleapis.com/ajax/libs/jquery/2.2.2/jquery.min.js]
[assets.squarespace.com/universal/scripts-compressed/performance-14d754fc1d6b9f5c5eb3a-min.en-US.js]
[pagead2.googlesyndication.com/pagead/js/f.txt]
[assets.squarespace.com/universal/scripts-compressed/common-vendors-d4c8824f34d7c03a6c155-min.en-US.js]
[marcotavora.squarespace.com/discoveries-marco-tavora.html]
[marcotavora.squarespace.com/index.html]
[marcotavora.squarespace.com/scientpublic-marco-tavora.html]
[marcotavora.squarespace.com/conferences.html]
[marcotavora.squarespace.com/life-quotes-and-advices.html]
[marcotavora.squarespace.com/donations.html]
[marcotavora.squarespace.com/contact.html]
[images.squarespace-cdn.com/content/v1/59ceb7ac49fc2ba6e7779088/1541438972880-SU8RLMZYQX339VBHNFTZ/36617.jpg]
[images.squarespace-cdn.com/content/v1/59ceb7ac49fc2ba6e7779088/1541423336869-M5ZOWYKVW9UAN7S3H6OB/image-asset.jpg]
[images.squarespace-cdn.com/content/v1/59ceb7ac49fc2ba6e7779088/1541427898584-Q2288ED8OA2P8NZRTIUO/image-asset.jpg]
[images.squarespace-cdn.com/content/v1/59ceb7ac49fc2ba6e7779088/1541431559701-008MQRWTWRDNLPOS2B1W/cellphone.jpg]
[assets.squarespace.com/universal/scripts-compressed/common-9b615108f475150da7e12-min.en-US.js]
[images.squarespace-cdn.com/content/v1/59ceb7ac49fc2ba6e7779088/1541436305385-EZV7ZUJBC9ETX1V4J1AH/hist_PC.png]
[images.squarespace-cdn.com/content/v1/59ceb7ac49fc2ba6e7779088/1541438806449-ZK2K8IB9SUYMP722I4CH/image-asset.jpg]
[images.squarespace-cdn.com/content/v1/59ceb7ac49fc2ba6e7779088/1541422049691-5KSRD724RJ38OHBFK1L6/image-asset.jpg]
[images.squarespace-cdn.com/content/v1/59ceb7ac49fc2ba6e7779088/1541439079795-TSPZT5PHDCF3WQZ3NB5I/btc-orange1.jpg]
[images.squarespace-cdn.com/content/v1/59ceb7ac49fc2ba6e7779088/1541439280148-RDTWXMZSK3Q43H9KJ9TB/image-asset.jpg]
[images.squarespace-cdn.com/content/v1/59ceb7ac49fc2ba6e7779088/1541439455948-ZKDEO3OVE4M1JM9ZECO1/Spinoza.jpg]
[images.squarespace-cdn.com/content/v1/59ceb7ac49fc2ba6e7779088/1541439859069-MRS0BNM4KIOHJSE6PCQ1/sanalysis.jpg]
[images.squarespace-cdn.com/content/v1/59ceb7ac49fc2ba6e7779088/1541440054375-EPB7S66Z4PLHPCDEUQ3F/pyLDAvis_new.png]
[images.squarespace-cdn.com/content/v1/59ceb7ac49fc2ba6e7779088/1541605680980-H6861ARYOUFKHE0ORIOD/clustering.png]
[images.squarespace-cdn.com/content/v1/59ceb7ac49fc2ba6e7779088/1544930640047-M5HO3MLNH86WG1COXO6A/postgres.png]
[images.squarespace-cdn.com/content/v1/59ceb7ac49fc2ba6e7779088/1541607620754-K14Y3IHR2YT5TJLSA32T/image-asset.jpg]
[images.squarespace-cdn.com/content/v1/59ceb7ac49fc2ba6e7779088/1541607775673-X22DNC2D0KBGFEZQVXOQ/oil-spill.jpg]
[images.squarespace-cdn.com/content/v1/59ceb7ac49fc2ba6e7779088/1549653308920-0UAD6CLEIP0P21UDCY4K/image-asset.jpg]
[images.squarespace-cdn.com/content/v1/59ceb7ac49fc2ba6e7779088/1541607869973-68W642ZGB0GWSCXDXXEX/mbl.jpg]
[images.squarespace-cdn.com/content/v1/59ceb7ac49fc2ba6e7779088/1541620431284-E2OF5YE2HOCER55U4MWR/maximum_minimum.jpg]
[images.squarespace-cdn.com/content/v1/59ceb7ac49fc2ba6e7779088/1541620519321-W6AAM0VKZ0OAZ2MXPDGB/image-asset.jpg]
[images.squarespace-cdn.com/content/v1/59ceb7ac49fc2ba6e7779088/1541620711874-96Q7ZG9ULCA104FC292D/image-asset.jpg]
[images.squarespace-cdn.com/content/v1/59ceb7ac49fc2ba6e7779088/1541620906983-4Z5MWBEVVVGNFM75MQUR/image-asset.jpg]
[images.squarespace-cdn.com/content/v1/59ceb7ac49fc2ba6e7779088/1541622590300-M6XIJFKAIBP332FUHO54/image-asset.jpg]
[images.squarespace-cdn.com/content/v1/59ceb7ac49fc2ba6e7779088/1541622722682-NFEBCOHWP4WEKECVC0VV/image-asset.jpg]
[images.squarespace-cdn.com/content/v1/59ceb7ac49fc2ba6e7779088/1545346606968-Q2JGMBWLDE3OU3K6O30U/sqlite.jpg]
[images.squarespace-cdn.com/content/v1/59ceb7ac49fc2ba6e7779088/1543581319647-JVLWU48V3OJPP1PN7JBI/naas.png]
[images.squarespace-cdn.com/content/v1/59ceb7ac49fc2ba6e7779088/1544821963245-U831X8VFG1HVH63OKLEK/Thomas_Bayes.gif]
[images.squarespace-cdn.com/content/v1/59ceb7ac49fc2ba6e7779088/1544822364846-7IALAX455WG5YKZZHVZX/nlp.png]
[marcotavora.squarespace.com/portfolio-marco-tavora.html]
[assets.squarespace.com/universal/images-v6/damask/error-dark.png]
[assets.squarespace.com/universal/images-v6/damask/error-dark@2x.png]
[assets.squarespace.com/universal/images-v6/damask/play-button.png]
[assets.squarespace.com/universal/images-v6/damask/play-button@2x.png]
[assets.squarespace.com/universal/images-v6/damask/edit-aviary-light.png]
[assets.squarespace.com/universal/images-v6/damask/edit-aviary-light@2x.png]
[static1.squarespace.com/static/ta/52a74d9ae4b0253945d2aee9/1043/scripts/site-bundle.js]
[assets.squarespace.com/universal/images-v6/damask/edit-info-light.png]
[assets.squarespace.com/universal/images-v6/damask/edit-info-light@2x.png]
[assets.squarespace.com/universal/images-v6/damask/trash-9-light.png]
[assets.squarespace.com/universal/images-v6/damask/trash-9-light@2x.png]
[assets.squarespace.com/universal/images-v6/damask/trash-9-red.png]
[assets.squarespace.com/universal/images-v6/damask/trash-9-red@2x.png]
[assets.squarespace.com/universal/images-v6/damask/getty-16-light.png]
[assets.squarespace.com/universal/images-v6/damask/getty-32-light.png]
[assets.squarespace.com/universal/images-v6/damask/shopping-cart-16-light.png]
[assets.squarespace.com/universal/images-v6/damask/shopping-cart-32-light.png]
[assets.squarespace.com/universal/images-v6/icons/block-indicator-dark.png]
[static1.squarespace.com/universal/images-v6/icons/block-indicator-dark@2x.png]
[static1.squarespace.com/universal/images-v6/icons/opentable-icons.png]
[static1.squarespace.com/universal/images-v6/icons/icon-searchqueries-20-dark.png]
[static1.squarespace.com/universal/images-v6/icons/icon-searchqueries-20-light.png]
[assets.squarespace.com/universal/images-v6/icons/icon-video-24-light-solid.png]
[assets.squarespace.com/universal/images-v6/damask/image-inside-64-dark.png]
[assets.squarespace.com/universal/images-v6/damask/image-inside-128-dark.png]
[assets.squarespace.com/universal/images-v6/standard/icon_close_7_light.png]
[assets.squarespace.com/universal/images-v6/icons/icon-settings-16-light.png]
[static1.squarespace.com/static/sitecss/59ceb7ac49fc2ba6e7779088/71/52a74dafe4b073a80cd253c5/59ceb7ac49fc2ba6e777909c/1043/site.css]
[images.squarespace-cdn.com/content/59ceb7ac49fc2ba6e7779088/1595167899906-O1SQDEWT6V18BPT51FUD/marcoesilvademelotavoraee8a.jpg]
[assets.squarespace.com/universal/scripts-compressed/extract-css-runtime-f9b67b092b83798ea51d6-min.en-US.js]
[images.squarespace-cdn.com/content/v1/59ceb7ac49fc2ba6e7779088/1553948756723-90SHXBP3DP0MEX8Q1Q0Y/marcofotocasamento.jpg]
[images.squarespace-cdn.com/content/v1/59ceb7ac49fc2ba6e7779088/1621954331279-8KQAXL5WHF7503IZ7WC9/shutterstock_161234255.jpg]
[assets.squarespace.com/universal/scripts-compressed/performance-28e7aebe94225014d2fdc-min.en-US.js]
[images.squarespace-cdn.com/content/v1/59ceb7ac49fc2ba6e7779088/1621949526292-482KS9I7Q924FZSI7GND/mediumwinner.jpg]
[images.squarespace-cdn.com/content/v1/59ceb7ac49fc2ba6e7779088/1594376891328-KIS9HP513BD4UMMF4SXZ/phdgraduation@2x.png]
[marcotavora.squarespace.com/portfolio-new-2.57.delayed]
[marcotavora.squarespace.com/index.html]
[images.squarespace-cdn.com/content/59ceb7ac49fc2ba6e7779088/1595167862380-9L42MTABE2ESK105Z015/marcoesilvademelotavoraee8a.jpg]
[marcotavora.squarespace.com/discoveries-marco-tavora.html]
[marcotavora.squarespace.com/scientpublic-marco-tavora.html]
[marcotavora.squarespace.com/conferences.html]
[marcotavora.squarespace.com/life-quotes-and-advices.html]
[images.squarespace-cdn.com/content/v1/59ceb7ac49fc2ba6e7779088/1633788950797-B949HRCZD5QALRKMAAP6/Screen+Shot+2021-10-09+at+11.07.55+AM.png]
[marcotavora.squarespace.com/donations.html]
[marcotavora.squarespace.com/data-science-projects.60.delayed]
[marcotavora.squarespace.com/physres.61.delayed]
[marcotavora.squarespace.com/contact.html]
[assets.squarespace.com/universal/scripts-compressed/common-2aa3b3e4ef45de1c28a90-min.en-US.js]
[marcotavora.squarespace.com/portfolio-new-2.html]
[marcotavora.squarespace.com/data-science-projects.html]
[marcotavora.squarespace.com/physres.html]
